// Jest Snapshot v1, https://goo.gl/fbAQLP

exports[`App Snapshot test 1`] = `
<div
  className="App"
>
  <div>
    <div
      className="content"
    >
      <div>
        <h1>
          Data is being fetched
        </h1>
      </div>
    </div>
  </div>
</div>
`;
